// Jest Snapshot v1, https://goo.gl/fbAQLP

exports[`<App /> should display TodoList 1`] = `<App />`;
